[shellshock.io/index.html]
[backblue.gif]
[fade.gif]
[index.html]
[shellshock.io/favicon.png]
[shellshock.io/manifest.json]
[www.gstatic.com/firebasejs/4.11.0/firebase.js]
[api.adinplay.com/libs/aiptag/pub/SSK/shellshock.io/tag.min.js]
[cdn.firebase.com/libs/firebaseui/2.7.0/firebaseui.js]
[cdn.onesignal.com/sdks/OneSignalSDK.js]
[cdn.firebase.com/libs/firebaseui/2.7.0/firebaseui.css]
[connect.facebook.net/en_US/fbevents.js]
[shellshock.io/src/servers9360.js]
[shellshock.io/src/adDefines8cdd.js]
[shellshock.io/src/gameplayTips9360.js]
[shellshock.io/src/shellshock.min8cdd.js]
[shellshock.io/img/noItem.png]
[shellshock.io/img/noHat.png]
[shellshock.io/img/noStamp.png]
[shellshock.io/faq3860.html]
[shellshock.io/img/logo3860.png]
[shellshock.io/img/arrowLeft.png]
[shellshock.io/img/arrowRight.png]
[shellshock.io/img/ico_merch_anim.gif]
[shellshock.io/img/fbLogo.png]
[shellshock.io/img/twitterLogo.png]
[shellshock.io/img/discordLogo.png]
[shellshock.io/img/egg_icon.png]
[shellshock.io/img/physical_unlock.png]
[shellshock.io/img/physical_unlock_lg.png]
[shellshock.io/img/tip.png]
[shellshock.io/img/equipment.png]
[shellshock.io/img/settings.png]
[shellshock.io/img/scope.png]
[shellshock.io/img/grenadeIconDark3860.png]
[shellshock.io/img/deadEgg.png]
[shellshock.io/img/home3860.png]
[shellshock.io/img/friends3860.png]
[shellshock.io/img/feedback3860.png]
[shellshock.io/img/settings3860.png]
[shellshock.io/img/fullScreen3860.png]
[shellshock.io/img/ads/closeAd.png]
[shellshock.io/img/notificationIcon.png]
[shellshock.io/index.html]
[cdn.firebase.com/libs/firebaseui/2.7.0/firebaseui.css]
[connect.facebook.net/en_US/fbevents.js]
[shellshock.io/faq3860.html]
